// Jest Snapshot v1, https://goo.gl/fbAQLP

exports[`categories Page properly renders 1`] = `ShallowWrapper {}`;
