// Jest Snapshot v1, https://goo.gl/fbAQLP

exports[`WineGroup component renders properly 1`] = `ShallowWrapper {}`;
