// Jest Snapshot v1, https://goo.gl/fbAQLP

exports[`Title component renders properly 1`] = `ShallowWrapper {}`;
