// Jest Snapshot v1, https://goo.gl/fbAQLP

exports[`wineMenu component  renders properly 1`] = `ShallowWrapper {}`;
