// Jest Snapshot v1, https://goo.gl/fbAQLP

exports[`Wine properly renders 1`] = `ReactWrapper {}`;
