// Jest Snapshot v1, https://goo.gl/fbAQLP

exports[`Catigories Page properly renders 1`] = `ShallowWrapper {}`;
